


ARM Macro Assembler    Page 1 


    1 00000000                 AREA             RESET, DATA, READONLY
    2 00000000                 EXPORT           __Vectors
    3 00000000         
    4 00000000         __Vectors
    5 00000000 10001000        DCD              0x10001000  ; stack pointer val
                                                            ue when stack is em
                                                            pty
    6 00000004 00000000        DCD              Reset_Handler ; reset vector
    7 00000008         
    8 00000008                 ALIGN
    9 00000008                 AREA             mycode, CODE, READONLY
   10 00000000                 ENTRY
   11 00000000                 EXPORT           Reset_Handler
   12 00000000         
   13 00000000         Reset_Handler
   14 00000000 F04F 000C       MOV              R0, #12
   15 00000004 F04F 0112       MOV              R1, #0X12
   16 00000008 F06F 020B       MOV              R2, #-12
   17 0000000C F04F 04AA       MOV              R4, #2_10101010
   18 00000010 F240 35F3       MOV              R5, #8_1763
   19 00000014         STOP
   20 00000014 E7FE            B                STOP
   21 00000016         
   22 00000016                 END
Command Line: --debug --xref --cpu=Cortex-M3 --apcs=interwork --depend=1.d -o1.
o -IC:\Keil\ARM\RV31\INC -IC:\Keil\ARM\CMSIS\Include -IC:\Keil\ARM\Inc\NXP\LPC1
7xx --predefine="__EVAL SETA 1" --list=1.lst 1.s



ARM Macro Assembler    Page 1 Alphabetic symbol ordering
Relocatable symbols

RESET 00000000

Symbol: RESET
   Definitions
      At line 1 in file 1.s
   Uses
      None
Comment: RESET unused
__Vectors 00000000

Symbol: __Vectors
   Definitions
      At line 4 in file 1.s
   Uses
      At line 2 in file 1.s
Comment: __Vectors used once
2 symbols



ARM Macro Assembler    Page 1 Alphabetic symbol ordering
Relocatable symbols

Reset_Handler 00000000

Symbol: Reset_Handler
   Definitions
      At line 13 in file 1.s
   Uses
      At line 6 in file 1.s
      At line 11 in file 1.s

STOP 00000014

Symbol: STOP
   Definitions
      At line 19 in file 1.s
   Uses
      At line 20 in file 1.s
Comment: STOP used once
mycode 00000000

Symbol: mycode
   Definitions
      At line 9 in file 1.s
   Uses
      None
Comment: mycode unused
3 symbols
336 symbols in table
