<html>
<body>
<pre>
<h1>µVision Build Log</h1>
<h2>Tool Versions:</h2>
IDE-Version: µVision V5.39.0.0
Copyright (C) 2023 ARM Ltd and ARM Germany GmbH. All rights reserved.
License Information: Ishan Surana, none, LIC=----
 
Tool Versions:
Toolchain:       MDK-Lite  Version: 5.39.0.0
Toolchain Path:  C:\Keil_v5\ARM\ARMCLANG\Bin
C Compiler:      ArmClang.exe V6.21
Assembler:       Armasm.exe V6.21
Linker/Locator:  ArmLink.exe V6.21
Library Manager: ArmAr.exe V6.21
Hex Converter:   FromElf.exe V6.21
CPU DLL:         SARMCM3.DLL V5.39.0.0
Dialog DLL:      DARMP1.DLL V1.28.1.0
Target DLL:      UL2CM3.DLL V1.164.9.0
Dialog DLL:      TARMP1.DLL V1.27.1.0
 
<h2>Project:</h2>
D:\MIT Lab Codes\Lab Codes\Sem 4\ES\Lab 1\2\2.uvprojx
Project File Date:  01/19/2024

<h2>Output:</h2>
*** Using Compiler 'V6.21', folder: 'C:\Keil_v5\ARM\ARMCLANG\Bin'
Build target 'Target 1'
"2.s", line 25: Warning: A1581W: Added 2 bytes of padding at address 0x22
   25 00000024 SRC DCD 0X12345678, 0X22222222, 0X33333333, 0X44444444, 0X55555555, 0X66666666, 0X77777777, 0X88888888, 0X99999999, 0XAAAAAAAA
0 Errors, 1 Warning
assembling 2.s...
linking...
Program Size: Code=84 RO-data=8 RW-data=0 ZI-data=0  
".\Lab 1.axf" - 0 Error(s), 0 Warning(s).

<h2>Software Packages used:</h2>

Package Vendor: ARM
                https://www.keil.com/pack/ARM.CMSIS.6.0.0.pack
                ARM::CMSIS@6.0.0
                CMSIS (Common Microcontroller Software Interface Standard)
   * Component: CORE Version: 6.0.0

Package Vendor: Keil
                http://www.keil.com/pack/Keil.LPC1700_DFP.2.7.1.pack
                Keil::LPC1700_DFP@2.7.1
                NXP LPC1700 Series Device Support, Drivers and Examples for MCB1700 and LPC1788-32

<h2>Collection of Component include folders:</h2>
  ./RTE/_Target_1
  C:/Users/ishan/AppData/Local/Arm/Packs/ARM/CMSIS/6.0.0/CMSIS/Core/Include
  C:/Users/ishan/AppData/Local/Arm/Packs/Keil/LPC1700_DFP/2.7.1/Device/Include

<h2>Collection of Component Files used:</h2>

   * Component: ARM::CMSIS:CORE@6.0.0
Build Time Elapsed:  00:00:00
</pre>
</body>
</html>
