Component: Arm Compiler for Embedded 6.21 Tool: armlink [5ec1fa00]

==============================================================================

Section Cross References

    first.o(RESET) refers to first.o(mycode) for Reset_Handler
    first.o(mycode) refers to first.o(data) for RESULT


==============================================================================

Image Symbol Table

    Local Symbols

    Symbol Name                              Value     Ov Type        Size  Object(Section)

    First.s                                  0x00000000   Number         0  first.o ABSOLUTE
    RESET                                    0x00000000   Section        8  first.o(RESET)
    mycode                                   0x00000008   Section       36  first.o(mycode)
    VALUE1                                   0x00000018   Data           4  first.o(mycode)
    VALUE2                                   0x0000001c   Data           4  first.o(mycode)
    RESULT                                   0x10000000   Data           4  first.o(data)
    data                                     0x10000000   Section        4  first.o(data)

    Global Symbols

    Symbol Name                              Value     Ov Type        Size  Object(Section)

    BuildAttributes$$THM_ISAv4$P$D$K$B$S$A:L22UL41UL21$X:L11$S22US41US21$IEEE1$~IW$USESV6$~STKCKD$USESV7$~SHL$OSPACE$EBA8$STANDARDLIB$PRES8$EABIv2 0x00000000   Number         0  anon$$obj.o ABSOLUTE
    __Vectors                                0x00000000   Data           0  first.o(RESET)
    Reset_Handler                            0x00000009   Thumb Code     0  first.o(mycode)



==============================================================================

Memory Map of the image

  Image Entry point : 0x00000009

  Load Region LR_1 (Base: 0x00000000, Size: 0x00000030, Max: 0xffffffff, ABSOLUTE)

    Execution Region ER_RO (Exec base: 0x00000000, Load base: 0x00000000, Size: 0x0000002c, Max: 0xffffffff, ABSOLUTE)

    Exec Addr    Load Addr    Size         Type   Attr      Idx    E Section Name        Object

    0x00000000   0x00000000   0x00000008   Data   RO            1    RESET               first.o
    0x00000008   0x00000008   0x00000024   Code   RO            2  * mycode              first.o


    Execution Region ER_RW (Exec base: 0x10000000, Load base: 0x0000002c, Size: 0x00000004, Max: 0xffffffff, ABSOLUTE)

    Exec Addr    Load Addr    Size         Type   Attr      Idx    E Section Name        Object

    0x10000000   0x0000002c   0x00000004   Data   RW            3    data                first.o


    Execution Region ER_ZI (Exec base: 0x10000004, Load base: 0x00000030, Size: 0x00000000, Max: 0xffffffff, ABSOLUTE)

    **** No section assigned to this execution region ****


==============================================================================

Image component sizes


      Code (inc. data)   RO Data    RW Data    ZI Data      Debug   Object Name

        36         20          8          4          0        248   first.o

    ----------------------------------------------------------------------
        36         20          8          4          0        248   Object Totals
         0          0          0          0          0          0   (incl. Generated)
         0          0          0          0          0          0   (incl. Padding)

    ----------------------------------------------------------------------
         0          0          0          0          0          0   Library Totals
         0          0          0          0          0          0   (incl. Padding)

    ----------------------------------------------------------------------

==============================================================================


      Code (inc. data)   RO Data    RW Data    ZI Data      Debug   

        36         20          8          4          0        248   Grand Totals
        36         20          8          4          0        248   ELF Image Totals
        36         20          8          4          0          0   ROM Totals

==============================================================================

    Total RO  Size (Code + RO Data)                   44 (   0.04kB)
    Total RW  Size (RW Data + ZI Data)                 4 (   0.00kB)
    Total ROM Size (Code + RO Data + RW Data)         48 (   0.05kB)

==============================================================================

