Component: Arm Compiler for Embedded 6.21 Tool: armlink [5ec1fa00]

==============================================================================

Section Cross References

    1.o(RESET) refers to 1.o(myasmprog) for Reset_Handler
    1.o(myasmprog) refers to 1.o(mydata) for DST


==============================================================================

Image Symbol Table

    Local Symbols

    Symbol Name                              Value     Ov Type        Size  Object(Section)

    1.s                                      0x00000000   Number         0  1.o ABSOLUTE
    RESET                                    0x00000000   Section        8  1.o(RESET)
    myasmprog                                0x00000008   Section       76  1.o(myasmprog)
    SRC                                      0x00000024   Data          40  1.o(myasmprog)
    DST                                      0x10000000   Data          40  1.o(mydata)
    mydata                                   0x10000000   Section       40  1.o(mydata)

    Global Symbols

    Symbol Name                              Value     Ov Type        Size  Object(Section)

    BuildAttributes$$THM_ISAv4$P$D$K$B$S$A:L22UL41UL21$X:L11$S22US41US21$IEEE1$~IW$USESV6$~STKCKD$USESV7$~SHL$OSPACE$EBA8$STANDARDLIB$PRES8$EABIv2 0x00000000   Number         0  anon$$obj.o ABSOLUTE
    __Vectors                                0x00000000   Data           0  1.o(RESET)
    Reset_Handler                            0x00000009   Thumb Code     0  1.o(myasmprog)



==============================================================================

Memory Map of the image

  Image Entry point : 0x00000009

  Load Region LR_1 (Base: 0x00000000, Size: 0x0000007c, Max: 0xffffffff, ABSOLUTE)

    Execution Region ER_RO (Exec base: 0x00000000, Load base: 0x00000000, Size: 0x00000054, Max: 0xffffffff, ABSOLUTE)

    Exec Addr    Load Addr    Size         Type   Attr      Idx    E Section Name        Object

    0x00000000   0x00000000   0x00000008   Data   RO            1    RESET               1.o
    0x00000008   0x00000008   0x0000004c   Code   RO            2  * myasmprog           1.o


    Execution Region ER_RW (Exec base: 0x10000000, Load base: 0x00000054, Size: 0x00000028, Max: 0xffffffff, ABSOLUTE)

    Exec Addr    Load Addr    Size         Type   Attr      Idx    E Section Name        Object

    0x10000000   0x00000054   0x00000028   Data   RW            3    mydata              1.o


    Execution Region ER_ZI (Exec base: 0x10000028, Load base: 0x0000007c, Size: 0x00000000, Max: 0xffffffff, ABSOLUTE)

    **** No section assigned to this execution region ****


==============================================================================

Image component sizes


      Code (inc. data)   RO Data    RW Data    ZI Data      Debug   Object Name

        76         50          8         40          0        228   1.o

    ----------------------------------------------------------------------
        76         50          8         40          0        228   Object Totals
         0          0          0          0          0          0   (incl. Generated)
         0          0          0          0          0          0   (incl. Padding)

    ----------------------------------------------------------------------
         0          0          0          0          0          0   Library Totals
         0          0          0          0          0          0   (incl. Padding)

    ----------------------------------------------------------------------

==============================================================================


      Code (inc. data)   RO Data    RW Data    ZI Data      Debug   

        76         50          8         40          0        228   Grand Totals
        76         50          8         40          0        228   ELF Image Totals
        76         50          8         40          0          0   ROM Totals

==============================================================================

    Total RO  Size (Code + RO Data)                   84 (   0.08kB)
    Total RW  Size (RW Data + ZI Data)                40 (   0.04kB)
    Total ROM Size (Code + RO Data + RW Data)        124 (   0.12kB)

==============================================================================

